// Jest Snapshot v1, https://goo.gl/fbAQLP

exports[`AddComment should render correctly 1`] = `ShallowWrapper {}`;
