// Jest Snapshot v1, https://goo.gl/fbAQLP

exports[`DeleteComment should render correctly 1`] = `ShallowWrapper {}`;
