// Jest Snapshot v1, https://goo.gl/fbAQLP

exports[`EditCommentForm should render correctly 1`] = `ShallowWrapper {}`;
