// Jest Snapshot v1, https://goo.gl/fbAQLP

exports[`LoadingPage should render correctly 1`] = `ShallowWrapper {}`;
